#-----------------------------------------------------------
# Vivado v2019.1 (64-bit)
# SW Build 2552052 on Fri May 24 14:49:42 MDT 2019
# IP Build 2548770 on Fri May 24 18:01:18 MDT 2019
# Start of session at: Tue Nov  9 11:30:53 2021
# Process ID: 4764
# Current directory: C:/Users/jrschlos/Desktop/lab_6
# Command line: vivado.exe -gui_launcher_event rodinguilauncherevent304 C:\Users\jrschlos\Desktop\lab_6\lab_6.xpr
# Log file: C:/Users/jrschlos/Desktop/lab_6/vivado.log
# Journal file: C:/Users/jrschlos/Desktop/lab_6\vivado.jou
#-----------------------------------------------------------
start_gui
open_project C:/Users/jrschlos/Desktop/lab_6/lab_6.xpr
update_compile_order -fileset sources_1
close [ open C:/Users/jrschlos/Desktop/lab_6/lab_6.srcs/sources_1/new/incrementer.v w ]
add_files C:/Users/jrschlos/Desktop/lab_6/lab_6.srcs/sources_1/new/incrementer.v
close [ open C:/Users/jrschlos/Desktop/lab_6/lab_6.srcs/sources_1/new/m4_1.v w ]
add_files C:/Users/jrschlos/Desktop/lab_6/lab_6.srcs/sources_1/new/m4_1.v
close [ open C:/Users/jrschlos/Desktop/lab_6/lab_6.srcs/sources_1/new/adder.v w ]
add_files C:/Users/jrschlos/Desktop/lab_6/lab_6.srcs/sources_1/new/adder.v
export_ip_user_files -of_objects  [get_files C:/Users/jrschlos/Desktop/lab_6/lab_6.srcs/sources_1/new/eight_bit_counter.v] -no_script -reset -force -quiet
remove_files  C:/Users/jrschlos/Desktop/lab_6/lab_6.srcs/sources_1/new/eight_bit_counter.v
update_compile_order -fileset sources_1
add_files -norecurse C:/Users/jrschlos/Desktop/lab_4/lab_4.srcs/sources_1/imports/Lab_3/Lab_3.srcs/sources_1/new/m8_1.v
update_compile_order -fileset sources_1
close [ open C:/Users/jrschlos/Desktop/lab_6/lab_6.srcs/sources_1/new/m28_1.v w ]
add_files C:/Users/jrschlos/Desktop/lab_6/lab_6.srcs/sources_1/new/m28_1.v
update_compile_order -fileset sources_1
update_compile_order -fileset sources_1
launch_runs impl_1 -to_step write_bitstream
wait_on_run impl_1
update_compile_order -fileset sources_1
add_files -norecurse C:/Users/jrschlos/Desktop/lab_4/lab_4.srcs/sources_1/new/edge_detector.v
update_compile_order -fileset sources_1
update_compile_order -fileset sources_1
reset_run synth_1
launch_runs impl_1 -to_step write_bitstream
wait_on_run impl_1
file mkdir C:/Users/jrschlos/Desktop/lab_6/lab_6.srcs/sim_1/new
set_property SOURCE_SET sources_1 [get_filesets sim_1]
close [ open C:/Users/jrschlos/Desktop/lab_6/lab_6.srcs/sim_1/new/state_machine_sim.v w ]
add_files -fileset sim_1 C:/Users/jrschlos/Desktop/lab_6/lab_6.srcs/sim_1/new/state_machine_sim.v
update_compile_order -fileset sim_1
# Disabling source management mode.  This is to allow the top design properties to be set without GUI intervention.
set_property source_mgmt_mode None [current_project]
set_property top state_machine_sim [get_filesets sim_1]
set_property top_lib xil_defaultlib [get_filesets sim_1]
# Re-enabling previously disabled source management mode.
set_property source_mgmt_mode All [current_project]
update_compile_order -fileset sim_1
launch_simulation
source state_machine_sim.tcl
run 10 us
relaunch_sim
relaunch_sim
relaunch_sim
current_wave_config {Untitled 1}
add_wave {{/state_machine_sim/UUT/psI}} {{/state_machine_sim/UUT/psEL}} {{/state_machine_sim/UUT/psMFL}} {{/state_machine_sim/UUT/psRS}} {{/state_machine_sim/UUT/psER}} {{/state_machine_sim/UUT/psMFR}} {{/state_machine_sim/UUT/psLS}} 
relaunch_sim
relaunch_sim
relaunch_sim
run 1000 ns
run 1000 ns
run 1000 ns
relaunch_sim
run 1000 ns
run 1000 ns
run 1000 ns
relaunch_sim
run 1000 ns
relaunch_sim
run 1000 ns
relaunch_sim
run 1000 ns
relaunch_sim
run 1000 ns
relaunch_sim
run 1000 ns
relaunch_sim
run 1000 ns
relaunch_sim
run 1000 ns
run 1000 ns
relaunch_sim
run 1000 ns
run 1000 ns
run 1000 ns
reset_run synth_1
launch_runs impl_1 -to_step write_bitstream
wait_on_run impl_1
reset_run synth_1
launch_runs impl_1 -to_step write_bitstream
wait_on_run impl_1
reset_run synth_1
launch_runs impl_1 -to_step write_bitstream
wait_on_run impl_1
set_property SOURCE_SET sources_1 [get_filesets sim_1]
close [ open C:/Users/jrschlos/Desktop/lab_6/lab_6.srcs/sim_1/new/top_level_sim.v w ]
add_files -fileset sim_1 C:/Users/jrschlos/Desktop/lab_6/lab_6.srcs/sim_1/new/top_level_sim.v
update_compile_order -fileset sim_1
# Disabling source management mode.  This is to allow the top design properties to be set without GUI intervention.
set_property source_mgmt_mode None [current_project]
set_property top top_level_sim [get_filesets sim_1]
set_property top_lib xil_defaultlib [get_filesets sim_1]
# Re-enabling previously disabled source management mode.
set_property source_mgmt_mode All [current_project]
update_compile_order -fileset sim_1
launch_simulation
close_sim
launch_simulation
source top_level_sim.tcl
run 1000 ns
relaunch_sim
run 1000 ns
current_wave_config {Untitled 2}
add_wave {{/top_level_sim/UUT/turkey/Q}} 
relaunch_sim
run 1000 ns
run 1000 ns
current_wave_config {Untitled 2}
add_wave {{/top_level_sim/UUT/my_baby/LTR}} {{/top_level_sim/UUT/my_baby/RTL}} 
relaunch_sim
run 1000 ns
current_wave_config {Untitled 2}
add_wave {{/top_level_sim/UUT/LTR_e}} {{/top_level_sim/UUT/RTL_e}} 
relaunch_sim
run 1000 ns
run 1000 ns
relaunch_sim
run 1000 ns
relaunch_sim
run 1000 ns
relaunch_sim
run 1000 ns
reset_run synth_1
launch_runs impl_1 -to_step write_bitstream
wait_on_run impl_1
reset_run impl_1
reset_run synth_1
launch_runs impl_1 -to_step write_bitstream
wait_on_run impl_1
reset_run synth_1
launch_runs impl_1 -to_step write_bitstream
wait_on_run impl_1
close_sim
open_run synth_1 -name synth_1
report_drc -name drc_1 -ruledecks {default}
reset_run synth_1
launch_runs impl_1 -to_step write_bitstream
wait_on_run impl_1
close_design
reset_run impl_1 -prev_step 
archive_project C:/Users/jrschlos/Desktop/lab_6.xpr.zip -temp_dir C:/Users/jrschlos/Desktop/lab_6/.Xil/Vivado-4764-104PC18 -force -include_local_ip_cache
