#-----------------------------------------------------------
# Vivado v2019.1 (64-bit)
# SW Build 2552052 on Fri May 24 14:49:42 MDT 2019
# IP Build 2548770 on Fri May 24 18:01:18 MDT 2019
# Start of session at: Sat Nov 13 19:01:17 2021
# Process ID: 9108
# Current directory: D:/lab_6
# Command line: vivado.exe -gui_launcher_event rodinguilauncherevent1520 D:\lab_6\lab_6.xpr
# Log file: D:/lab_6/vivado.log
# Journal file: D:/lab_6\vivado.jou
#-----------------------------------------------------------
start_gui
open_project D:/lab_6/lab_6.xpr
update_compile_order -fileset sources_1
# Disabling source management mode.  This is to allow the top design properties to be set without GUI intervention.
set_property source_mgmt_mode None [current_project]
set_property top state_machine_sim [get_filesets sim_1]
set_property top_lib xil_defaultlib [get_filesets sim_1]
# Re-enabling previously disabled source management mode.
set_property source_mgmt_mode All [current_project]
update_compile_order -fileset sim_1
launch_simulation
source state_machine_sim.tcl
run 10 us
run 10 us
close_sim
# Disabling source management mode.  This is to allow the top design properties to be set without GUI intervention.
set_property source_mgmt_mode None [current_project]
set_property top top_level_sim [get_filesets sim_1]
set_property top_lib xil_defaultlib [get_filesets sim_1]
# Re-enabling previously disabled source management mode.
set_property source_mgmt_mode All [current_project]
update_compile_order -fileset sim_1
launch_simulation
source top_level_sim.tcl
run 10 us
run 10 us
current_wave_config {Untitled 2}
add_wave {{/top_level_sim/UUT/Q_turk}} 
current_wave_config {Untitled 2}
add_wave {{/top_level_sim/UUT/signed_turk}} 
relaunch_sim
run 10 us
run 10 us
synth_design -rtl -name rtl_1
close_design
close_sim
synth_design -rtl -name rtl_1
close_design
